{"logTime": "0620/070906", "correlationVector":"M4lOnZdY5C3GZGeCNF5ThN.1","action":"SyncServerConnectionManagerRequest", "result":"SYNC_SERVER_OK", "context":{"environment":"Prod_germanywestcentral_prod-s01-010-eur-germanywestcentral", "migrationStage":"NotStarted", "server":"akswtt00200001u"}}
{"logTime": "0620/070906", "correlationVector":"M4lOnZdY5C3GZGeCNF5ThN.2","action":"AAD.Mip.Unpack", "result":"Success", "context":MIP_CLOUD_COMMERCIAL:Success}
{"logTime": "0620/070906", "correlationVector":"M4lOnZdY5C3GZGeCNF5ThN.3","action":"EncryptionKeysManager::SetEncryptionKeys:", "result":"Success", "context":Key names[1]:[qtITMfaqfASk/Mlj2Xp9QafoZvkiuLv+afhA5x7//G9lJVwwZ+Of4SBFGxc8rk7F5bLla3M4esi8FeaNa6J/UA==]}
{"logTime": "0620/070906", "correlationVector":"M4lOnZdY5C3GZGeCNF5ThN.4","action":"AAD.GetKeyResponse", "result":"Success", "context":Keys=1.LastKeyStatus=Active. 2026-03-09 11:39:58 +01.State=None. Tags: Current_encryption_keys_tag = EO+/vRzvv73vv73vv70z77+9diTvv70CFQLvv73vv73vv73vv73vv70gXe+/vQJc77+977+9Dw4F77+977+9VA==, Updated_current_encryption_keys_tag = Empty. Emails: ["r.scardigno@reply.it"]}
{"logTime": "0620/070906", "correlationVector":"M4lOnZdY5C3GZGeCNF5ThN.5","action":"ProcessGetUpdates", "result":"Done", "context":{"dataType":"Encryption Keys", "deleted":"0", "process_failed_to_decrypt":"0", "process_pending_decryption":"0", "process_success":"1", "total":"1"}}
{"logTime": "0620/070907", "correlationVector":"M4lOnZdY5C3GZGeCNF5ThN","action":"Initial GetUpdates", "result":"", "context":Reason: NEW_CLIENT. cV=M4lOnZdY5C3GZGeCNF5ThN}
{"logTime": "0620/070907", "correlationVector":"M4lOnZdY5C3GZGeCNF5ThN.6","action":"GetUpdates Response", "result":"Success", "context":Received 1 update(s). cV=M4lOnZdY5C3GZGeCNF5ThN.0;server=akswtt00200001u;cloudType=Multitenant;environment=Prod_germanywestcentral_prod-s01-010-eur-germanywestcentral;migrationStage=NotStarted}
{"logTime": "0620/070907", "correlationVector":"1tP+ZQ7eXwqoFgvmv0Y0fW","action":"Initial GetUpdates", "result":"", "context":Reason: NEW_CLIENT. cV=1tP+ZQ7eXwqoFgvmv0Y0fW}
{"logTime": "0620/070907", "correlationVector":"1tP+ZQ7eXwqoFgvmv0Y0fW.1","action":"SyncServerConnectionManagerRequest", "result":"SYNC_SERVER_OK", "context":{"environment":"Prod_germanywestcentral_prod-s01-011-eur-germanywestcentral", "migrationStage":"NotStarted", "server":"akswtt10100003x"}}
{"logTime": "0620/070907", "correlationVector":"1tP+ZQ7eXwqoFgvmv0Y0fW.2","action":"ProcessGetUpdates", "result":"Done", "context":{"dataType":"Preferences", "deleted":"0", "process_failed_to_decrypt":"0", "process_pending_decryption":"0", "process_success":"62", "total":"62"}}
{"logTime": "0620/070907", "correlationVector":"1tP+ZQ7eXwqoFgvmv0Y0fW.3","action":"ProcessGetUpdates", "result":"Done", "context":{"dataType":"Device Info", "deleted":"0", "process_failed_to_decrypt":"0", "process_pending_decryption":"0", "process_success":"2", "total":"2"}}
{"logTime": "0620/070907", "correlationVector":"1tP+ZQ7eXwqoFgvmv0Y0fW.4","action":"GetUpdates Response", "result":"Success", "context":Received 64 update(s). cV=1tP+ZQ7eXwqoFgvmv0Y0fW.0;server=akswtt10100003x;cloudType=Multitenant;environment=Prod_germanywestcentral_prod-s01-011-eur-germanywestcentral;migrationStage=NotStarted}
{"logTime": "0620/070908", "correlationVector":"298VXmTF1S2Y/oL/D0VXaW","action":"Initial GetUpdates", "result":"", "context":Reason: NEW_CLIENT. cV=298VXmTF1S2Y/oL/D0VXaW}
{"logTime": "0620/070908", "correlationVector":"298VXmTF1S2Y/oL/D0VXaW.1","action":"SyncServerConnectionManagerRequest", "result":"SYNC_SERVER_OK", "context":{"environment":"Prod_germanywestcentral_prod-s01-011-eur-germanywestcentral", "migrationStage":"NotStarted", "server":"akswtt10100003v"}}
{"logTime": "0620/070908", "correlationVector":"298VXmTF1S2Y/oL/D0VXaW.2","action":"ProcessGetUpdates", "result":"Done", "context":{"dataType":"Bookmarks", "deleted":"0", "process_failed_to_decrypt":"0", "process_pending_decryption":"0", "process_success":"14", "total":"14"}}
{"logTime": "0620/070908", "correlationVector":"298VXmTF1S2Y/oL/D0VXaW.3","action":"GetUpdates Response", "result":"Success", "context":Received 14 update(s). cV=298VXmTF1S2Y/oL/D0VXaW.0;server=akswtt10100003v;cloudType=Multitenant;environment=Prod_germanywestcentral_prod-s01-011-eur-germanywestcentral;migrationStage=NotStarted}
{"logTime": "0620/070908", "correlationVector":"zp8XJ8wPeFEufg0H8IPu83","action":"Initial GetUpdates", "result":"", "context":Reason: NEW_CLIENT. cV=zp8XJ8wPeFEufg0H8IPu83}
{"logTime": "0620/070908", "correlationVector":"zp8XJ8wPeFEufg0H8IPu83.1","action":"SyncServerConnectionManagerRequest", "result":"SYNC_SERVER_OK", "context":{"environment":"Prod_germanywestcentral_prod-s01-011-eur-germanywestcentral", "migrationStage":"NotStarted", "server":"akswtt10100002n"}}
{"logTime": "0620/070908", "correlationVector":"zp8XJ8wPeFEufg0H8IPu83.2","action":"ProcessGetUpdates", "result":"Done", "context":{"dataType":"Autofill", "deleted":"0", "process_failed_to_decrypt":"0", "process_pending_decryption":"0", "process_success":"133", "total":"133"}}
{"logTime": "0620/070908", "correlationVector":"zp8XJ8wPeFEufg0H8IPu83.3","action":"ProcessGetUpdates", "result":"Done", "context":{"dataType":"Web Apps", "deleted":"0", "process_failed_to_decrypt":"0", "process_pending_decryption":"0", "process_success":"1", "total":"1"}}
{"logTime": "0620/070908", "correlationVector":"zp8XJ8wPeFEufg0H8IPu83.4","action":"GetUpdates Response", "result":"Success", "context":Received 134 update(s). cV=zp8XJ8wPeFEufg0H8IPu83.0;server=akswtt10100002n;cloudType=Multitenant;environment=Prod_germanywestcentral_prod-s01-011-eur-germanywestcentral;migrationStage=NotStarted Some updates remain.}
{"logTime": "0620/070908", "correlationVector":"km944e9wJi0/kQDdtl0HaM","action":"Initial GetUpdates", "result":"", "context":Reason: NEW_CLIENT. cV=km944e9wJi0/kQDdtl0HaM}
